// Vitest Snapshot v1, https://vitest.dev/guide/snapshot.html

exports[`the compile gate > finds every one of them by file and line, so a level author can go and look 1`] = `
[
  "3d.ld:106: scoped",
  "3d.ld:106: scoped",
  "3d.ld:106: scoped",
  "3d.ld:106: scoped",
  "3d.ld:106: scoped",
  "3d.ld:106: scoped",
  "3d.ld:106: scoped",
  "3d.ld:106: scoped",
  "3d.ld:106: scoped",
  "3d.ld:106: scoped",
  "3d.ld:106: scoped",
  "3d.ld:133: call",
  "3d.ld:138: call",
  "3d.ld:138: call",
  "3d.ld:138: call",
  "3d.ld:143: call",
  "3d.ld:143: call",
  "3d.ld:143: call",
  "3d.ld:148: call",
  "3d.ld:148: call",
  "3d.ld:148: call",
  "3d.ld:153: call",
  "3d.ld:153: call",
  "3d.ld:153: call",
  "3d.ld:158: call",
  "3d.ld:158: call",
  "3d.ld:158: call",
  "3d.ld:55: scoped",
  "3d.ld:55: scoped",
  "3d.ld:55: scoped",
  "3d.ld:55: scoped",
  "3d.ld:55: scoped",
  "3d.ld:55: scoped",
  "3d.ld:55: scoped",
  "3d.ld:55: scoped",
  "3d.ld:55: scoped",
  "3d.ld:55: scoped",
  "aehnlich.ld:41: call",
  "aehnlich.ld:41: call",
  "aehnlich.ld:41: call",
  "aehnlich.ld:41: call",
  "aehnlich.ld:41: call",
  "aehnlich.ld:41: call",
  "aliens.ld:147: call",
  "aliens.ld:147: call",
  "aliens.ld:147: call",
  "aliens.ld:147: call",
  "aliens.ld:147: call",
  "aliens.ld:147: call",
  "aliens.ld:147: call",
  "aliens.ld:147: call",
  "aliens.ld:147: call",
  "aliens.ld:147: call",
  "aliens.ld:147: call",
  "aliens.ld:147: call",
  "aliens.ld:147: call",
  "aliens.ld:147: call",
  "aliens.ld:147: call",
  "aliens.ld:147: scoped",
  "aliens.ld:147: scoped",
  "aliens.ld:147: scoped",
  "aliens.ld:147: scoped",
  "aliens.ld:147: scoped",
  "aliens.ld:147: scoped",
  "aliens.ld:147: scoped",
  "aliens.ld:147: scoped",
  "aliens.ld:147: scoped",
  "aliens.ld:147: scoped",
  "aliens.ld:311: call",
  "aliens.ld:311: call",
  "aliens.ld:311: scoped",
  "aliens.ld:311: scoped",
  "aliens.ld:311: scoped",
  "aliens.ld:368: call",
  "aliens.ld:375: call",
  "aliens.ld:382: call",
  "aliens.ld:389: call",
  "aliens.ld:59: call",
  "aliens.ld:59: call",
  "aliens.ld:59: call",
  "aliens.ld:59: call",
  "aliens.ld:59: call",
  "angst.ld:254: call",
  "angst.ld:259: call",
  "angst.ld:40: call",
  "angst.ld:67: call",
  "angst.ld:67: call",
  "angst.ld:67: call",
  "angst.ld:67: call",
  "angst.ld:67: call",
  "angst.ld:67: call",
  "angst.ld:67: call",
  "antarctic.ld:134: call",
  "antarctic.ld:134: call",
  "antarctic.ld:146: call",
  "ascii.ld:42: call",
  "ascii.ld:42: call",
  "ascii.ld:42: call",
  "ascii.ld:42: call",
  "ascii.ld:42: call",
  "ascii.ld:42: call",
  "ascii.ld:42: call",
  "ascii.ld:42: call",
  "ascii.ld:42: call",
  "ascii.ld:42: neighbour",
  "ascii.ld:42: neighbour",
  "ascii.ld:42: neighbour",
  "ascii.ld:42: neighbour",
  "ascii.ld:42: neighbour",
  "ascii.ld:42: scoped",
  "augen.ld:53: call",
  "augen.ld:53: call",
  "augen.ld:53: call",
  "augen.ld:53: call",
  "baelle.ld:51: neighbour",
  "baelle.ld:51: neighbour",
  "baelle.ld:66: call",
  "baelle.ld:70: call",
  "baelle.ld:74: call",
  "baelle.ld:78: call",
  "baelle.ld:82: call",
  "baelle.ld:86: call",
  "baender.ld:63: call",
  "baender.ld:70: call",
  "baender.ld:77: call",
  "baggis.ld:111: call",
  "baggis.ld:111: call",
  "baggis.ld:111: call",
  "baggis.ld:119: call",
  "baggis.ld:119: call",
  "baggis.ld:119: call",
  "baggis.ld:127: call",
  "baggis.ld:127: call",
  "baggis.ld:127: call",
  "baggis.ld:135: call",
  "baggis.ld:135: call",
  "baggis.ld:135: call",
  "baggis.ld:142: call",
  "baggis.ld:142: call",
  "baggis.ld:142: neighbour",
  "baggis.ld:142: neighbour",
  "baggis.ld:142: neighbour",
  "baggis.ld:193: call",
  "baggis.ld:223: call",
  "baggis.ld:50: call",
  "baggis.ld:50: call",
  "baggis.ld:50: call",
  "bonimali.ld:1016: call",
  "bonimali.ld:1016: call",
  "bonimali.ld:1016: call",
  "bonimali.ld:1016: call",
  "bonimali.ld:1058: call",
  "bonimali.ld:1058: call",
  "bonimali.ld:1058: call",
  "bonimali.ld:1058: call",
  "bonimali.ld:1058: call",
  "bonimali.ld:1089: call",
  "bonimali.ld:1089: call",
  "bonimali.ld:1089: call",
  "bonimali.ld:73: call",
  "bonimali.ld:73: call",
  "bonimali.ld:73: call",
  "bonimali.ld:73: call",
  "bonimali.ld:73: call",
  "bonimali.ld:73: call",
  "bonimali.ld:73: call",
  "bonimali.ld:73: call",
  "bonimali.ld:73: call",
  "bonimali.ld:73: call",
  "bonimali.ld:73: call",
  "bonimali.ld:73: call",
  "bonimali.ld:73: call",
  "bonimali.ld:73: call",
  "bonimali.ld:73: call",
  "bonimali.ld:73: call",
  "bonimali.ld:73: call",
  "bonimali.ld:73: call",
  "bonimali.ld:73: call",
  "bonimali.ld:73: call",
  "bonimali.ld:73: call",
  "bonimali.ld:73: call",
  "bonimali.ld:73: call",
  "bonimali.ld:73: neighbour",
  "bonimali.ld:73: neighbour",
  "bonimali.ld:73: neighbour",
  "bonimali.ld:73: neighbour",
  "bonimali.ld:73: neighbour",
  "bonimali.ld:73: neighbour",
  "bonimali.ld:73: neighbour",
  "bonimali.ld:73: neighbour",
  "bonimali.ld:73: neighbour",
  "bonimali.ld:73: neighbour",
  "bonimali.ld:73: neighbour",
  "bonimali.ld:73: neighbour",
  "bonimali.ld:73: neighbour",
  "bonimali.ld:73: neighbour",
  "bonimali.ld:73: neighbour",
  "bonimali.ld:73: neighbour",
  "bonimali.ld:946: call",
  "bonimali.ld:946: call",
  "bonimali.ld:946: call",
  "bonimali.ld:969: call",
  "bonimali.ld:969: call",
  "bonimali.ld:969: call",
  "bonimali.ld:993: call",
  "bonimali.ld:993: call",
  "bonimali.ld:993: call",
  "colorshape.ld:105: call",
  "colorshape.ld:105: call",
  "colorshape.ld:118: call",
  "colorshape.ld:118: call",
  "colorshape.ld:132: call",
  "colorshape.ld:144: call",
  "colorshape.ld:144: call",
  "darken.ld:49: call",
  "darken.ld:63: call",
  "darken.ld:67: call",
  "darken.ld:71: call",
  "disco.ld:101: scoped",
  "disco.ld:101: scoped",
  "doors.ld:240: scoped",
  "doors.ld:240: scoped",
  "doors.ld:240: scoped",
  "doors.ld:240: scoped",
  "doors.ld:240: scoped",
  "doors.ld:240: scoped",
  "doors.ld:240: scoped",
  "doors.ld:240: scoped",
  "doors.ld:296: call",
  "doors.ld:296: call",
  "doors.ld:296: call",
  "doors.ld:296: call",
  "doors.ld:296: call",
  "doors.ld:296: call",
  "doors.ld:296: call",
  "doors.ld:296: neighbour",
  "doors.ld:296: neighbour",
  "doors.ld:296: neighbour",
  "doors.ld:296: scoped",
  "doors.ld:296: scoped",
  "doors.ld:296: scoped",
  "doors.ld:296: scoped",
  "doors.ld:296: scoped",
  "doors.ld:296: scoped",
  "doors.ld:296: scoped",
  "doors.ld:296: scoped",
  "doors.ld:296: scoped",
  "doors.ld:296: scoped",
  "doors.ld:296: scoped",
  "doors.ld:296: scoped",
  "doors.ld:296: scoped",
  "doors.ld:296: scoped",
  "doors.ld:296: scoped",
  "doors.ld:296: scoped",
  "doors.ld:296: scoped",
  "doors.ld:296: scoped",
  "doors.ld:296: scoped",
  "doors.ld:296: scoped",
  "doors.ld:296: scoped",
  "doors.ld:296: scoped",
  "doors.ld:296: scoped",
  "doors.ld:296: scoped",
  "doors.ld:296: scoped",
  "doors.ld:296: scoped",
  "doors.ld:434: call",
  "doors.ld:441: call",
  "doors.ld:448: call",
  "doors.ld:448: call",
  "doors.ld:448: call",
  "doors.ld:448: neighbour",
  "doors.ld:448: neighbour",
  "doors.ld:448: scoped",
  "doors.ld:448: scoped",
  "doors.ld:448: scoped",
  "doors.ld:448: scoped",
  "doors.ld:448: scoped",
  "doors.ld:448: scoped",
  "doors.ld:57: call",
  "doors.ld:57: call",
  "doors.ld:57: call",
  "doors.ld:57: call",
  "doors.ld:57: call",
  "doors.ld:57: neighbour",
  "doors.ld:57: scoped",
  "doors.ld:57: scoped",
  "doors.ld:588: scoped",
  "doors.ld:588: scoped",
  "doors.ld:588: scoped",
  "doors.ld:588: scoped",
  "doors.ld:588: scoped",
  "doors.ld:588: scoped",
  "doors.ld:588: scoped",
  "doors.ld:588: scoped",
  "doors.ld:690: scoped",
  "doors.ld:690: scoped",
  "doors.ld:690: scoped",
  "doors.ld:690: scoped",
  "dungeon.ld:167: call",
  "dungeon.ld:167: call",
  "dungeon.ld:167: call",
  "dungeon.ld:167: call",
  "dungeon.ld:167: call",
  "dungeon.ld:213: call",
  "dungeon.ld:213: call",
  "dungeon.ld:252: call",
  "dungeon.ld:252: call",
  "dungeon.ld:290: call",
  "dungeon.ld:290: call",
  "dungeon.ld:349: call",
  "dungeon.ld:349: call",
  "dungeon.ld:349: call",
  "dungeon.ld:349: call",
  "dungeon.ld:349: call",
  "dungeon.ld:349: call",
  "dungeon.ld:349: call",
  "dungeon.ld:349: call",
  "dungeon.ld:349: call",
  "dungeon.ld:349: call",
  "dungeon.ld:349: call",
  "dungeon.ld:349: call",
  "dungeon.ld:349: call",
  "dungeon.ld:349: call",
  "dungeon.ld:349: call",
  "dungeon.ld:349: call",
  "dungeon.ld:349: call",
  "dungeon.ld:349: call",
  "dungeon.ld:349: call",
  "dungeon.ld:349: call",
  "dungeon.ld:349: call",
  "dungeon.ld:349: call",
  "dungeon.ld:349: call",
  "dungeon.ld:349: call",
  "dungeon.ld:349: call",
  "dungeon.ld:349: call",
  "dungeon.ld:349: call",
  "dungeon.ld:349: call",
  "dungeon.ld:349: call",
  "dungeon.ld:349: call",
  "dungeon.ld:349: call",
  "dungeon.ld:349: call",
  "dungeon.ld:349: call",
  "dungeon.ld:349: call",
  "dungeon.ld:349: call",
  "dungeon.ld:349: call",
  "dungeon.ld:349: call",
  "dungeon.ld:349: call",
  "dungeon.ld:349: call",
  "dungeon.ld:349: call",
  "dungeon.ld:349: call",
  "dungeon.ld:349: call",
  "dungeon.ld:349: scoped",
  "dungeon.ld:349: scoped",
  "dungeon.ld:349: scoped",
  "dungeon.ld:349: scoped",
  "dungeon.ld:349: scoped",
  "dungeon.ld:349: scoped",
  "dungeon.ld:349: scoped",
  "dungeon.ld:349: scoped",
  "dungeon.ld:349: scoped",
  "dungeon.ld:349: scoped",
  "dungeon.ld:349: scoped",
  "dungeon.ld:349: scoped",
  "dungeon.ld:349: scoped",
  "dungeon.ld:349: scoped",
  "dungeon.ld:349: scoped",
  "dungeon.ld:349: scoped",
  "dungeon.ld:52: call",
  "ebene.ld:150: scoped",
  "ebene.ld:150: scoped",
  "ebene.ld:150: scoped",
  "ebene.ld:150: scoped",
  "ebene.ld:174: call",
  "ebene.ld:178: call",
  "ebene.ld:182: call",
  "ebene.ld:186: call",
  "ebene.ld:190: call",
  "ebene.ld:194: call",
  "ebene.ld:47: call",
  "ebene.ld:47: neighbour",
  "ebene.ld:47: neighbour",
  "ebene.ld:47: neighbour",
  "ebene.ld:47: neighbour",
  "ebene.ld:47: neighbour",
  "ebene.ld:47: neighbour",
  "ebene.ld:47: neighbour",
  "ebene.ld:47: neighbour",
  "ebene.ld:47: neighbour",
  "ebene.ld:47: neighbour",
  "ebene.ld:47: neighbour",
  "ebene.ld:47: neighbour",
  "ebene.ld:47: neighbour",
  "ebene.ld:47: neighbour",
  "ebene.ld:47: neighbour",
  "ebene.ld:47: neighbour",
  "ebene.ld:47: neighbour",
  "ebene.ld:47: neighbour",
  "ebene.ld:47: neighbour",
  "ebene.ld:47: neighbour",
  "ebene.ld:47: neighbour",
  "ebene.ld:47: scoped",
  "ebene.ld:47: scoped",
  "elemente.ld:39: call",
  "embroidery.ld:60: scoped",
  "embroidery.ld:60: scoped",
  "embroidery.ld:60: scoped",
  "embroidery.ld:60: scoped",
  "embroidery.ld:77: call",
  "embroidery.ld:84: neighbour",
  "embroidery.ld:84: neighbour",
  "embroidery.ld:84: neighbour",
  "embroidery.ld:84: neighbour",
  "embroidery.ld:84: scoped",
  "embroidery.ld:84: scoped",
  "embroidery.ld:84: scoped",
  "embroidery.ld:84: scoped",
  "embroidery.ld:84: scoped",
  "embroidery.ld:84: scoped",
  "embroidery.ld:84: scoped",
  "embroidery.ld:84: scoped",
  "example.ld:143: call",
  "farming.ld:148: call",
  "farming.ld:158: call",
  "farming.ld:158: call",
  "farming.ld:168: call",
  "farming.ld:175: call",
  "farming.ld:182: call",
  "farming.ld:189: call",
  "farming.ld:196: call",
  "farming.ld:36: neighbour",
  "farming.ld:36: neighbour",
  "farming.ld:36: neighbour",
  "farming.ld:36: neighbour",
  "farming.ld:36: neighbour",
  "farming.ld:36: neighbour",
  "farming.ld:36: neighbour",
  "farming.ld:36: neighbour",
  "flechtwerk.ld:34: call",
  "fractals.ld:42: neighbour",
  "fractals.ld:42: neighbour",
  "fractals.ld:42: neighbour",
  "fractals.ld:42: neighbour",
  "fractals.ld:42: neighbour",
  "fractals.ld:42: neighbour",
  "globals.ld:51: call",
  "globals.ld:51: call",
  "globals.ld:51: call",
  "globals.ld:51: neighbour",
  "globals.ld:51: neighbour",
  "globals.ld:51: neighbour",
  "globals.ld:51: neighbour",
  "globals.ld:51: neighbour",
  "globals.ld:51: neighbour",
  "globals.ld:51: neighbour",
  "globals.ld:51: neighbour",
  "globals.ld:51: neighbour",
  "globals.ld:51: neighbour",
  "globals.ld:51: neighbour",
  "globals.ld:51: neighbour",
  "globals.ld:51: neighbour",
  "globals.ld:51: neighbour",
  "globals.ld:51: neighbour",
  "globals.ld:51: neighbour",
  "globals.ld:51: neighbour",
  "globals.ld:51: neighbour",
  "globals.ld:51: neighbour",
  "globals.ld:51: neighbour",
  "globals.ld:51: neighbour",
  "globals.ld:51: neighbour",
  "globals.ld:51: neighbour",
  "globals.ld:51: neighbour",
  "globals.ld:51: neighbour",
  "globals.ld:51: neighbour",
  "globals.ld:51: neighbour",
  "globals.ld:51: neighbour",
  "globals.ld:51: neighbour",
  "globals.ld:51: neighbour",
  "globals.ld:51: neighbour",
  "globals.ld:51: neighbour",
  "globals.ld:51: neighbour",
  "globals.ld:51: neighbour",
  "globals.ld:51: neighbour",
  "globals.ld:51: neighbour",
  "globals.ld:51: neighbour",
  "globals.ld:51: neighbour",
  "globals.ld:51: neighbour",
  "globals.ld:51: neighbour",
  "globals.ld:51: neighbour",
  "globals.ld:51: neighbour",
  "globals.ld:51: neighbour",
  "globals.ld:51: neighbour",
  "globals.ld:51: neighbour",
  "globals.ld:51: neighbour",
  "globals.ld:51: neighbour",
  "globals.ld:51: neighbour",
  "globals.ld:51: neighbour",
  "globals.ld:51: neighbour",
  "globals.ld:51: neighbour",
  "globals.ld:51: neighbour",
  "globals.ld:51: neighbour",
  "globals.ld:51: neighbour",
  "globals.ld:51: neighbour",
  "globals.ld:51: neighbour",
  "globals.ld:51: neighbour",
  "globals.ld:51: neighbour",
  "globals.ld:51: neighbour",
  "globals.ld:51: neighbour",
  "globals.ld:51: neighbour",
  "globals.ld:51: neighbour",
  "globals.ld:51: neighbour",
  "globals.ld:51: neighbour",
  "globals.ld:51: neighbour",
  "globals.ld:51: neighbour",
  "globals.ld:51: scoped",
  "globals.ld:51: scoped",
  "globals.ld:51: scoped",
  "globals.ld:51: scoped",
  "globals.ld:51: scoped",
  "globals.ld:51: scoped",
  "globals.ld:51: scoped",
  "globals.ld:51: scoped",
  "globals.ld:51: scoped",
  "globals.ld:51: scoped",
  "globals.ld:51: scoped",
  "globals.ld:51: scoped",
  "globals.ld:51: scoped",
  "globals.ld:51: scoped",
  "globals.ld:51: scoped",
  "globals.ld:51: scoped",
  "globals.ld:51: scoped",
  "globals.ld:51: scoped",
  "globals.ld:51: scoped",
  "globals.ld:51: scoped",
  "globals.ld:51: scoped",
  "globals.ld:51: scoped",
  "globals.ld:51: scoped",
  "globals.ld:51: scoped",
  "globals.ld:51: scoped",
  "globals.ld:51: scoped",
  "globals.ld:51: scoped",
  "globals.ld:51: scoped",
  "globals.ld:51: scoped",
  "globals.ld:51: scoped",
  "globals.ld:51: scoped",
  "globals.ld:51: scoped",
  "go2.ld:58: neighbour",
  "gold.ld:41: call",
  "gold.ld:41: call",
  "gold.ld:41: call",
  "gold.ld:41: call",
  "gold.ld:41: scoped",
  "gold.ld:41: scoped",
  "gold.ld:41: scoped",
  "gold.ld:41: scoped",
  "hexkugeln.ld:101: call",
  "hexkugeln.ld:106: call",
  "hexkugeln.ld:111: call",
  "hexkugeln.ld:117: call",
  "hexkugeln.ld:117: call",
  "hexkugeln.ld:117: call",
  "hexkugeln.ld:117: call",
  "hexkugeln.ld:49: call",
  "hexkugeln.ld:49: call",
  "hexkugeln.ld:81: call",
  "hexkugeln.ld:86: call",
  "hexkugeln.ld:91: call",
  "hexkugeln.ld:96: call",
  "himmel.ld:62: call",
  "himmel.ld:80: call",
  "hormone.ld:44: call",
  "hormone.ld:44: call",
  "hormone.ld:44: call",
  "hormone.ld:44: call",
  "jahreszeiten.ld:123: call",
  "jahreszeiten.ld:123: call",
  "jahreszeiten.ld:133: call",
  "jahreszeiten.ld:133: neighbour",
  "jahreszeiten.ld:143: call",
  "jahreszeiten.ld:158: call",
  "jahreszeiten.ld:158: call",
  "jahreszeiten.ld:158: call",
  "jahreszeiten.ld:158: call",
  "jahreszeiten.ld:158: neighbour",
  "jahreszeiten.ld:158: neighbour",
  "jahreszeiten.ld:158: neighbour",
  "jahreszeiten.ld:158: neighbour",
  "jahreszeiten.ld:158: neighbour",
  "jahreszeiten.ld:158: neighbour",
  "jahreszeiten.ld:50: call",
  "jahreszeiten.ld:50: call",
  "jahreszeiten.ld:50: call",
  "jahreszeiten.ld:50: call",
  "jahreszeiten.ld:50: call",
  "jahreszeiten.ld:50: call",
  "jahreszeiten.ld:50: call",
  "jahreszeiten.ld:50: call",
  "jahreszeiten.ld:50: call",
  "jahreszeiten.ld:50: call",
  "jahreszeiten.ld:50: scoped",
  "jahreszeiten.ld:50: scoped",
  "jahreszeiten.ld:50: scoped",
  "jahreszeiten.ld:50: scoped",
  "jahreszeiten.ld:50: scoped",
  "jahreszeiten.ld:50: scoped",
  "jahreszeiten.ld:50: scoped",
  "jahreszeiten.ld:50: scoped",
  "jahreszeiten.ld:50: scoped",
  "jahreszeiten.ld:50: scoped",
  "jahreszeiten.ld:50: scoped",
  "jahreszeiten.ld:50: scoped",
  "jahreszeiten.ld:50: scoped",
  "jahreszeiten.ld:50: scoped",
  "jahreszeiten.ld:50: scoped",
  "jahreszeiten.ld:50: scoped",
  "jahreszeiten.ld:50: scoped",
  "jahreszeiten.ld:50: scoped",
  "jahreszeiten.ld:50: scoped",
  "jahreszeiten.ld:50: scoped",
  "jump.ld:41: call",
  "jump.ld:41: call",
  "jump.ld:41: call",
  "jump.ld:41: call",
  "jump.ld:41: call",
  "jump.ld:41: call",
  "jump.ld:41: call",
  "jump.ld:41: call",
  "jump.ld:41: call",
  "kacheln4.ld:104: neighbour",
  "kacheln4.ld:104: neighbour",
  "kacheln4.ld:104: neighbour",
  "kacheln4.ld:104: neighbour",
  "kacheln4.ld:51: neighbour",
  "kacheln4.ld:51: neighbour",
  "kacheln4.ld:51: neighbour",
  "kacheln4.ld:51: neighbour",
  "kacheln4.ld:51: neighbour",
  "kacheln4.ld:51: neighbour",
  "kacheln4.ld:51: neighbour",
  "kacheln4.ld:51: neighbour",
  "kacheln4.ld:51: neighbour",
  "kacheln4.ld:51: neighbour",
  "kacheln4.ld:51: neighbour",
  "kacheln4.ld:51: neighbour",
  "kacheln4.ld:51: neighbour",
  "kacheln4.ld:51: neighbour",
  "kacheln4.ld:51: neighbour",
  "kacheln4.ld:51: neighbour",
  "kacheln5.ld:54: neighbour",
  "kacheln5.ld:54: neighbour",
  "kacheln5.ld:54: neighbour",
  "kacheln5.ld:54: neighbour",
  "kacheln5.ld:54: neighbour",
  "kacheln5.ld:54: neighbour",
  "kacheln5.ld:54: neighbour",
  "kacheln5.ld:54: neighbour",
  "kacheln5.ld:54: neighbour",
  "kacheln5.ld:54: neighbour",
  "kacheln5.ld:54: neighbour",
  "kacheln5.ld:54: neighbour",
  "kacheln5.ld:54: neighbour",
  "kacheln5.ld:54: neighbour",
  "kacheln5.ld:54: neighbour",
  "kacheln5.ld:54: neighbour",
  "kacheln5.ld:54: neighbour",
  "kacheln5.ld:54: neighbour",
  "kacheln5.ld:54: neighbour",
  "kacheln5.ld:54: neighbour",
  "kacheln5.ld:54: neighbour",
  "kacheln5.ld:54: neighbour",
  "kacheln5.ld:54: neighbour",
  "kacheln5.ld:54: neighbour",
  "kacheln5.ld:54: neighbour",
  "kacheln5.ld:54: neighbour",
  "kacheln5.ld:54: neighbour",
  "kacheln5.ld:54: neighbour",
  "kacheln6.ld:48: neighbour",
  "kacheln6.ld:48: neighbour",
  "kacheln6.ld:48: neighbour",
  "kacheln6.ld:48: neighbour",
  "kacheln6.ld:48: neighbour",
  "kachelnR.ld:170: call",
  "kachelnR.ld:170: call",
  "kachelnR.ld:182: call",
  "kachelnR.ld:182: call",
  "kachelnR.ld:196: call",
  "kachelnR.ld:196: call",
  "kachelnR.ld:196: call",
  "kachelnR.ld:196: call",
  "kachelnR.ld:45: scoped",
  "kachelnR.ld:45: scoped",
  "kachelnR.ld:45: scoped",
  "kachelnR.ld:45: scoped",
  "kachelnR.ld:45: scoped",
  "kachelnR.ld:45: scoped",
  "kolben.ld:42: neighbour",
  "kolben.ld:42: neighbour",
  "kunst.ld:153: call",
  "kunst.ld:153: call",
  "kunst.ld:169: call",
  "kunst.ld:183: call",
  "kunst.ld:50: call",
  "kunst.ld:50: call",
  "kunst.ld:50: call",
  "kunst.ld:50: call",
  "kunst.ld:50: call",
  "labskaus.ld:150: call",
  "labskaus.ld:150: neighbour",
  "labskaus.ld:150: neighbour",
  "labskaus.ld:172: call",
  "labskaus.ld:208: call",
  "labskaus.ld:208: call",
  "labskaus.ld:208: neighbour",
  "labskaus.ld:228: call",
  "labskaus.ld:228: call",
  "labskaus.ld:242: call",
  "labskaus.ld:242: call",
  "labskaus.ld:253: call",
  "labskaus.ld:253: call",
  "labskaus.ld:253: call",
  "labskaus.ld:253: call",
  "labskaus.ld:318: call",
  "labskaus.ld:318: neighbour",
  "labskaus.ld:318: neighbour",
  "labskaus.ld:347: call",
  "labskaus.ld:360: call",
  "labskaus.ld:79: scoped",
  "labskaus.ld:79: scoped",
  "labskaus.ld:79: scoped",
  "labskaus.ld:79: scoped",
  "labskaus.ld:79: scoped",
  "labskaus.ld:79: scoped",
  "labskaus.ld:79: scoped",
  "labskaus.ld:79: scoped",
  "labskaus.ld:79: scoped",
  "labskaus.ld:79: scoped",
  "labskaus.ld:79: scoped",
  "labskaus.ld:79: scoped",
  "labskaus.ld:79: scoped",
  "labskaus.ld:79: scoped",
  "labskaus.ld:79: scoped",
  "labskaus.ld:79: scoped",
  "labskaus.ld:79: scoped",
  "labskaus.ld:79: scoped",
  "labskaus.ld:79: scoped",
  "labskaus.ld:79: scoped",
  "letters.ld:245: call",
  "letters.ld:245: call",
  "letters.ld:245: scoped",
  "letters.ld:268: call",
  "letters.ld:268: call",
  "letters.ld:268: scoped",
  "letters.ld:291: call",
  "letters.ld:291: call",
  "letters.ld:291: call",
  "letters.ld:291: call",
  "letters.ld:291: scoped",
  "letters.ld:312: call",
  "letters.ld:312: call",
  "letters.ld:312: call",
  "letters.ld:312: scoped",
  "letters.ld:61: scoped",
  "letters.ld:61: scoped",
  "maennchen.ld:31: call",
  "maze.ld:46: call",
  "maze.ld:46: call",
  "maze.ld:46: call",
  "maze.ld:46: call",
  "maze.ld:46: neighbour",
  "memory.ld:103: call",
  "mfs.ld:131: call",
  "mfs.ld:46: neighbour",
  "mfs.ld:46: neighbour",
  "mfs.ld:46: neighbour",
  "mfs.ld:46: neighbour",
  "mfs.ld:46: neighbour",
  "mfs.ld:46: neighbour",
  "mfs.ld:94: call",
  "nasenkugeln.ld:105: call",
  "nasenkugeln.ld:119: call",
  "nasenkugeln.ld:125: call",
  "nasenkugeln.ld:132: neighbour",
  "nasenkugeln.ld:132: neighbour",
  "nasenkugeln.ld:47: call",
  "nasenkugeln.ld:47: call",
  "nasenkugeln.ld:93: call",
  "nasenkugeln.ld:99: call",
  "novips.ld:32: call",
  "octopi.ld:50: neighbour",
  "octopi.ld:50: neighbour",
  "octopi.ld:50: neighbour",
  "octopi.ld:50: neighbour",
  "octopi.ld:50: neighbour",
  "octopi.ld:50: neighbour",
  "octopi.ld:50: neighbour",
  "octopi.ld:50: neighbour",
  "pacman.ld:357: neighbour",
  "pacman.ld:357: neighbour",
  "pacman.ld:373: call",
  "pacman.ld:373: call",
  "pacman.ld:373: call",
  "pacman.ld:373: call",
  "pacman.ld:373: call",
  "pacman.ld:373: call",
  "pacman.ld:373: neighbour",
  "pacman.ld:373: neighbour",
  "pacman.ld:373: neighbour",
  "pacman.ld:373: neighbour",
  "pacman.ld:373: neighbour",
  "pacman.ld:373: neighbour",
  "pacman.ld:446: call",
  "pacman.ld:453: call",
  "pacman.ld:460: call",
  "pacman.ld:467: call",
  "pacman.ld:474: call",
  "pacman.ld:55: call",
  "pacman.ld:55: call",
  "pacman.ld:55: call",
  "pacman.ld:55: call",
  "pacman.ld:55: call",
  "pacman.ld:55: call",
  "pacman.ld:55: call",
  "pacman.ld:55: call",
  "pacman.ld:55: call",
  "pacman.ld:55: call",
  "pacman.ld:55: call",
  "pacman.ld:55: call",
  "pacman.ld:55: call",
  "pacman.ld:55: call",
  "pacman.ld:55: call",
  "pacman.ld:55: call",
  "pacman.ld:55: call",
  "pacman.ld:55: call",
  "pacman.ld:55: call",
  "pacman.ld:55: call",
  "pacman.ld:55: call",
  "paratroopers.ld:240: call",
  "paratroopers.ld:240: call",
  "paratroopers.ld:240: call",
  "paratroopers.ld:240: call",
  "paratroopers.ld:240: call",
  "pfeile.ld:50: call",
  "pfeile.ld:50: call",
  "pfeile.ld:50: call",
  "pfeile.ld:50: call",
  "pfeile.ld:50: call",
  "pfeile.ld:50: call",
  "pfeile.ld:77: scoped",
  "pfeile.ld:77: scoped",
  "pfeile.ld:77: scoped",
  "pfeile.ld:77: scoped",
  "pressure.ld:276: call",
  "pressure.ld:276: call",
  "pressure.ld:309: call",
  "pressure.ld:309: call",
  "pressure.ld:309: call",
  "pressure.ld:309: call",
  "pressure.ld:314: call",
  "pressure.ld:314: call",
  "pressure.ld:314: call",
  "pressure.ld:314: call",
  "pressure.ld:318: call",
  "pressure.ld:318: call",
  "pressure.ld:318: call",
  "pressure.ld:318: call",
  "pressure.ld:322: call",
  "pressure.ld:322: call",
  "pressure.ld:322: call",
  "pressure.ld:322: call",
  "pressure.ld:41: call",
  "pressure.ld:41: call",
  "pressure.ld:41: call",
  "pressure.ld:41: call",
  "pressure.ld:41: call",
  "pressure.ld:41: call",
  "pressure.ld:41: call",
  "pressure.ld:41: call",
  "pressure.ld:41: call",
  "pressure.ld:41: call",
  "rechnen.ld:36: call",
  "rechnen.ld:36: neighbour",
  "rechnen.ld:36: neighbour",
  "rechnen.ld:88: call",
  "rohre.ld:142: call",
  "rohre.ld:142: call",
  "rohre.ld:273: call",
  "rohre.ld:273: call",
  "rohre.ld:273: call",
  "rohre.ld:273: call",
  "rohre.ld:273: call",
  "rohre.ld:273: call",
  "rohre.ld:273: call",
  "rohre.ld:273: call",
  "rohre.ld:42: call",
  "rohre.ld:42: call",
  "rohre.ld:42: call",
  "rohre.ld:42: call",
  "rohre.ld:77: call",
  "rohre.ld:77: call",
  "schach.ld:158: call",
  "schach.ld:158: call",
  "schach.ld:158: call",
  "schach.ld:158: call",
  "schach.ld:158: call",
  "schach.ld:158: call",
  "schach.ld:158: call",
  "schach.ld:158: call",
  "schach.ld:158: call",
  "schach.ld:158: call",
  "schach.ld:158: call",
  "schach.ld:158: call",
  "schach.ld:158: call",
  "schach.ld:158: call",
  "schach.ld:158: call",
  "schach.ld:158: call",
  "schach.ld:158: call",
  "schach.ld:158: call",
  "schach.ld:158: call",
  "schach.ld:158: call",
  "schach.ld:158: call",
  "schach.ld:158: call",
  "schach.ld:158: call",
  "schach.ld:158: call",
  "schach.ld:158: call",
  "schach.ld:158: call",
  "schach.ld:158: scoped",
  "schach.ld:158: scoped",
  "schach.ld:158: scoped",
  "schach.ld:158: scoped",
  "schach.ld:158: scoped",
  "schach.ld:158: scoped",
  "schach.ld:158: scoped",
  "schach.ld:158: scoped",
  "schach.ld:328: call",
  "schach.ld:332: call",
  "schach.ld:337: call",
  "schach.ld:337: call",
  "schach.ld:343: call",
  "schach.ld:348: call",
  "schach.ld:348: call",
  "schach.ld:353: call",
  "schach.ld:353: call",
  "schach.ld:52: neighbour",
  "schach.ld:52: neighbour",
  "schach.ld:52: neighbour",
  "schach.ld:52: neighbour",
  "schach.ld:52: neighbour",
  "schach.ld:52: neighbour",
  "schach.ld:52: neighbour",
  "schach.ld:52: neighbour",
  "schach.ld:52: scoped",
  "schach.ld:52: scoped",
  "schach.ld:52: scoped",
  "schach.ld:52: scoped",
  "schach.ld:52: scoped",
  "schach.ld:52: scoped",
  "schach.ld:52: scoped",
  "schach.ld:52: scoped",
  "schach.ld:52: scoped",
  "schach.ld:52: scoped",
  "schach.ld:52: scoped",
  "schach.ld:52: scoped",
  "schach.ld:52: scoped",
  "schach.ld:52: scoped",
  "schach.ld:52: scoped",
  "schach.ld:52: scoped",
  "schach.ld:52: scoped",
  "schach.ld:52: scoped",
  "schach.ld:52: scoped",
  "schach.ld:52: scoped",
  "schach.ld:52: scoped",
  "schach.ld:52: scoped",
  "schach.ld:52: scoped",
  "schach.ld:52: scoped",
  "schach.ld:52: scoped",
  "schach.ld:52: scoped",
  "schach.ld:52: scoped",
  "schach.ld:52: scoped",
  "schach.ld:52: scoped",
  "schach.ld:52: scoped",
  "schach.ld:52: scoped",
  "schach.ld:52: scoped",
  "schemen.ld:123: call",
  "schemen.ld:123: call",
  "schemen.ld:123: call",
  "schemen.ld:141: call",
  "schemen.ld:141: call",
  "schemen.ld:141: call",
  "schemen.ld:172: call",
  "schemen.ld:172: call",
  "schemen.ld:172: call",
  "schemen.ld:192: call",
  "schemen.ld:192: call",
  "schemen.ld:192: call",
  "schemen.ld:217: call",
  "schemen.ld:217: call",
  "schemen.ld:217: call",
  "schemen.ld:217: call",
  "schemen.ld:217: call",
  "schemen.ld:217: call",
  "schemen.ld:217: call",
  "schemen.ld:217: call",
  "schemen.ld:217: call",
  "schemen.ld:217: call",
  "schemen.ld:217: call",
  "schemen.ld:217: call",
  "schemen.ld:217: call",
  "schemen.ld:217: call",
  "schemen.ld:217: call",
  "schemen.ld:217: call",
  "schemen.ld:217: call",
  "schemen.ld:268: call",
  "schemen.ld:41: call",
  "schemen.ld:41: neighbour",
  "schemen.ld:41: neighbour",
  "schemen.ld:80: call",
  "schemen.ld:87: call",
  "schemen.ld:87: call",
  "schemen.ld:87: call",
  "schemen.ld:87: call",
  "schemen.ld:87: call",
  "schemen.ld:87: call",
  "secret.ld:31: call",
  "secret.ld:31: call",
  "secret.ld:31: call",
  "secret.ld:31: call",
  "secret.ld:31: call",
  "secret.ld:31: call",
  "secret.ld:31: call",
  "secret.ld:31: call",
  "secret.ld:31: call",
  "secret.ld:31: call",
  "secret.ld:31: call",
  "secret.ld:31: call",
  "secret.ld:31: call",
  "secret.ld:31: call",
  "secret.ld:31: call",
  "secret.ld:31: call",
  "secret.ld:31: call",
  "secret.ld:31: call",
  "secret.ld:31: call",
  "secret.ld:31: call",
  "secret.ld:31: call",
  "secret.ld:31: call",
  "secret.ld:31: call",
  "secret.ld:31: call",
  "secret.ld:31: call",
  "secret.ld:31: call",
  "secret.ld:31: call",
  "silbergold.ld:128: call",
  "silbergold.ld:128: call",
  "silbergold.ld:128: call",
  "silbergold.ld:128: call",
  "silbergold.ld:141: call",
  "silbergold.ld:141: call",
  "silbergold.ld:141: call",
  "silbergold.ld:141: call",
  "silbergold.ld:154: call",
  "silbergold.ld:154: call",
  "silbergold.ld:154: call",
  "silbergold.ld:154: call",
  "silbergold.ld:167: call",
  "silbergold.ld:167: call",
  "silbergold.ld:167: call",
  "silbergold.ld:167: call",
  "silbergold.ld:38: scoped",
  "silbergold.ld:38: scoped",
  "silbergold.ld:38: scoped",
  "silbergold.ld:38: scoped",
  "silbergold.ld:38: scoped",
  "silbergold.ld:38: scoped",
  "silbergold.ld:38: scoped",
  "silbergold.ld:38: scoped",
  "slime.ld:40: call",
  "slime.ld:40: call",
  "slime.ld:40: call",
  "slime.ld:40: call",
  "slime.ld:40: call",
  "slime.ld:40: call",
  "springer.ld:110: scoped",
  "springer.ld:110: scoped",
  "springer.ld:110: scoped",
  "springer.ld:110: scoped",
  "springer.ld:110: scoped",
  "springer.ld:110: scoped",
  "springer.ld:110: scoped",
  "springer.ld:110: scoped",
  "springer.ld:110: scoped",
  "springer.ld:110: scoped",
  "springer.ld:110: scoped",
  "springer.ld:110: scoped",
  "springer.ld:110: scoped",
  "springer.ld:110: scoped",
  "springer.ld:110: scoped",
  "springer.ld:110: scoped",
  "springer.ld:110: scoped",
  "springer.ld:110: scoped",
  "springer.ld:110: scoped",
  "springer.ld:110: scoped",
  "springer.ld:110: scoped",
  "springer.ld:110: scoped",
  "springer.ld:110: scoped",
  "springer.ld:110: scoped",
  "springer.ld:46: scoped",
  "springer.ld:46: scoped",
  "springer.ld:46: scoped",
  "springer.ld:46: scoped",
  "springer.ld:46: scoped",
  "springer.ld:46: scoped",
  "springer.ld:46: scoped",
  "springer.ld:46: scoped",
  "springer.ld:46: scoped",
  "springer.ld:46: scoped",
  "springer.ld:46: scoped",
  "springer.ld:46: scoped",
  "springer.ld:46: scoped",
  "springer.ld:46: scoped",
  "springer.ld:46: scoped",
  "springer.ld:46: scoped",
  "tennis.ld:43: call",
  "tennis.ld:43: call",
  "tennis.ld:43: call",
  "tennis.ld:43: call",
  "tennis.ld:43: call",
  "tennis.ld:43: call",
  "tennis.ld:43: call",
  "tennis.ld:43: call",
  "tennis.ld:43: call",
  "tennis.ld:43: neighbour",
  "tennis.ld:43: neighbour",
  "tennis.ld:43: neighbour",
  "tennis.ld:43: neighbour",
  "tennis.ld:43: neighbour",
  "tennis.ld:43: neighbour",
  "tennis.ld:43: neighbour",
  "tennis.ld:43: neighbour",
  "tennis.ld:43: neighbour",
  "tennis.ld:43: neighbour",
  "tennis.ld:43: neighbour",
  "tennis.ld:43: neighbour",
  "tennis.ld:43: neighbour",
  "tennis.ld:43: neighbour",
  "tennis.ld:43: neighbour",
  "tennis.ld:43: neighbour",
  "tetris.ld:134: call",
  "tetris.ld:134: call",
  "tetris.ld:146: call",
  "tetris.ld:194: call",
  "theater.ld:604: call",
  "theater.ld:604: call",
  "theater.ld:610: call",
  "theater.ld:610: call",
  "theater.ld:616: call",
  "theater.ld:616: call",
  "theater.ld:622: call",
  "theater.ld:622: call",
  "theater.ld:629: call",
  "theater.ld:629: call",
  "theater.ld:637: call",
  "theater.ld:637: call",
  "theater.ld:642: call",
  "theater.ld:642: call",
  "theater.ld:642: call",
  "theater.ld:642: call",
  "theater.ld:656: call",
  "theater.ld:671: call",
  "theater.ld:671: call",
  "theater.ld:671: call",
  "theater.ld:671: call",
  "theater.ld:671: call",
  "theater.ld:671: call",
  "theater.ld:74: call",
  "theater.ld:74: call",
  "theater.ld:74: call",
  "theater.ld:74: call",
  "theater.ld:74: call",
  "theater.ld:74: call",
  "theater.ld:74: call",
  "theater.ld:74: call",
  "theater.ld:74: call",
  "theater.ld:74: call",
  "theater.ld:74: call",
  "theater.ld:74: call",
  "theater.ld:74: call",
  "theater.ld:74: call",
  "theater.ld:74: call",
  "theater.ld:74: call",
  "theater.ld:74: call",
  "theater.ld:74: call",
  "theater.ld:74: call",
  "theater.ld:74: call",
  "theater.ld:74: call",
  "theater.ld:74: call",
  "theater.ld:74: call",
  "theater.ld:74: call",
  "theater.ld:74: call",
  "theater.ld:74: call",
  "theater.ld:74: call",
  "theater.ld:74: call",
  "theater.ld:74: call",
  "theater.ld:74: call",
  "theater.ld:74: call",
  "theater.ld:74: call",
  "theater.ld:74: call",
  "theater.ld:74: call",
  "theater.ld:74: call",
  "theater.ld:74: call",
  "theater.ld:74: call",
  "theater.ld:74: call",
  "theater.ld:74: call",
  "theater.ld:74: call",
  "theater.ld:74: call",
  "theater.ld:74: call",
  "theater.ld:74: call",
  "theater.ld:74: call",
  "theater.ld:74: call",
  "theater.ld:74: call",
  "theater.ld:74: call",
  "theater.ld:74: call",
  "theater.ld:74: call",
  "theater.ld:74: call",
  "theater.ld:74: call",
  "theater.ld:74: call",
  "theater.ld:74: call",
  "theater.ld:74: call",
  "theater.ld:74: call",
  "theater.ld:74: call",
  "theater.ld:74: call",
  "theater.ld:74: call",
  "theater.ld:74: call",
  "theater.ld:74: call",
  "theater.ld:74: call",
  "theater.ld:74: call",
  "theater.ld:74: call",
  "theater.ld:74: call",
  "theater.ld:74: call",
  "theater.ld:74: call",
  "theater.ld:74: call",
  "theater.ld:74: call",
  "theater.ld:74: call",
  "theater.ld:74: call",
  "theater.ld:74: call",
  "theater.ld:74: call",
  "theater.ld:74: call",
  "theater.ld:74: call",
  "theater.ld:74: call",
  "theater.ld:74: call",
  "theater.ld:74: call",
  "theater.ld:74: call",
  "theater.ld:74: call",
  "theater.ld:74: call",
  "theater.ld:74: call",
  "theater.ld:74: call",
  "theater.ld:74: call",
  "theater.ld:74: call",
  "theater.ld:74: call",
  "theater.ld:74: call",
  "theater.ld:74: call",
  "theater.ld:74: call",
  "theater.ld:74: call",
  "theater.ld:74: call",
  "theater.ld:74: call",
  "theater.ld:74: call",
  "theater.ld:74: call",
  "theater.ld:74: call",
  "theater.ld:74: call",
  "theater.ld:74: call",
  "theater.ld:74: call",
  "theater.ld:74: call",
  "theater.ld:74: call",
  "theater.ld:74: call",
  "theater.ld:74: call",
  "theater.ld:74: call",
  "theater.ld:74: call",
  "theater.ld:74: call",
  "theater.ld:74: call",
  "theater.ld:74: call",
  "theater.ld:74: call",
  "theater.ld:74: call",
  "theater.ld:74: call",
  "theater.ld:74: call",
  "theater.ld:74: call",
  "theater.ld:74: call",
  "theater.ld:74: call",
  "theater.ld:74: call",
  "theater.ld:74: call",
  "theater.ld:74: call",
  "theater.ld:74: call",
  "theater.ld:74: call",
  "theater.ld:74: call",
  "theater.ld:74: call",
  "theater.ld:74: call",
  "theater.ld:74: call",
  "theater.ld:74: call",
  "theater.ld:74: call",
  "theater.ld:74: call",
  "theater.ld:74: call",
  "theater.ld:74: call",
  "theater.ld:74: call",
  "theater.ld:74: call",
  "theater.ld:74: call",
  "theater.ld:74: call",
  "theater.ld:74: call",
  "theater.ld:74: call",
  "theater.ld:74: call",
  "theater.ld:74: scoped",
  "theater.ld:74: scoped",
  "theater.ld:74: scoped",
  "theater.ld:74: scoped",
  "theater.ld:74: scoped",
  "theater.ld:74: scoped",
  "theater.ld:74: scoped",
  "theater.ld:74: scoped",
  "theater.ld:74: scoped",
  "theater.ld:74: scoped",
  "theater.ld:74: scoped",
  "theater.ld:74: scoped",
  "theater.ld:74: scoped",
  "theater.ld:74: scoped",
  "theater.ld:74: scoped",
  "theater.ld:74: scoped",
  "theater.ld:74: scoped",
  "theater.ld:74: scoped",
  "theater.ld:74: scoped",
  "theater.ld:74: scoped",
  "theater.ld:74: scoped",
  "theater.ld:74: scoped",
  "tiere.ld:110: call",
  "tiere.ld:61: call",
  "tiere.ld:61: scoped",
  "tiere.ld:61: scoped",
  "tiere.ld:61: scoped",
  "tiere.ld:61: scoped",
  "tiere.ld:99: call",
  "trees.ld:60: neighbour",
  "trees.ld:60: neighbour",
  "trees.ld:60: neighbour",
  "trees.ld:60: neighbour",
  "trees.ld:60: neighbour",
  "trees.ld:60: neighbour",
  "trees.ld:60: neighbour",
  "trees.ld:60: neighbour",
  "trees.ld:60: neighbour",
  "trees.ld:60: neighbour",
  "trees.ld:60: neighbour",
  "trees.ld:60: neighbour",
  "trees.ld:60: neighbour",
  "unmoeglich.ld:42: call",
  "unmoeglich.ld:47: neighbour",
  "unmoeglich.ld:47: neighbour",
  "unmoeglich.ld:47: neighbour",
  "unterwasser.ld:118: call",
  "unterwasser.ld:122: call",
  "unterwasser.ld:122: call",
  "unterwasser.ld:126: call",
  "unterwasser.ld:126: call",
  "unterwasser.ld:130: call",
  "unterwasser.ld:130: call",
  "unterwasser.ld:134: call",
  "unterwasser.ld:134: neighbour",
  "unterwasser.ld:134: neighbour",
  "unterwasser.ld:147: call",
  "unterwasser.ld:50: call",
  "unterwasser.ld:50: scoped",
  "unterwasser.ld:50: scoped",
  "viecher.ld:115: call",
  "viecher.ld:123: call",
  "viecher.ld:132: call",
  "viecher.ld:132: call",
  "viecher.ld:141: call",
  "viecher.ld:141: neighbour",
  "viecher.ld:141: neighbour",
  "viecher.ld:141: neighbour",
  "viecher.ld:141: neighbour",
  "viecher.ld:141: neighbour",
  "viecher.ld:141: scoped",
  "viecher.ld:141: scoped",
  "viecher.ld:141: scoped",
  "viecher.ld:141: scoped",
  "viecher.ld:216: neighbour",
  "viecher.ld:216: neighbour",
  "viecher.ld:242: call",
  "viecher.ld:242: neighbour",
  "viecher.ld:242: neighbour",
  "viecher.ld:48: call",
  "viecher.ld:48: scoped",
  "viecher.ld:48: scoped",
  "viecher.ld:48: scoped",
  "viecher.ld:48: scoped",
  "wachsen.ld:148: call",
  "wachsen.ld:148: call",
  "wachsen.ld:148: call",
  "wachsen.ld:39: call",
  "wachsen.ld:39: call",
  "wachsen.ld:39: call",
  "wachsen.ld:68: call",
  "walls.ld:49: call",
  "walls.ld:49: call",
  "walls.ld:49: call",
  "walls.ld:49: call",
  "walls.ld:49: call",
  "walls.ld:49: call",
  "walls.ld:49: call",
  "walls.ld:49: call",
  "walls.ld:49: call",
  "walls.ld:49: call",
  "walls.ld:49: call",
  "walls.ld:49: call",
  "walls.ld:49: call",
  "walls.ld:49: call",
  "walls.ld:49: call",
  "walls.ld:49: call",
  "walls.ld:49: call",
  "walls.ld:49: call",
  "walls.ld:49: scoped",
  "walls.ld:49: scoped",
  "walls.ld:49: scoped",
  "walls.ld:49: scoped",
  "walls.ld:49: scoped",
  "walls.ld:49: scoped",
  "walls.ld:49: scoped",
  "walls.ld:49: scoped",
  "walls.ld:49: scoped",
  "walls.ld:49: scoped",
  "walls.ld:49: scoped",
  "walls.ld:49: scoped",
  "wohnungen.ld:48: neighbour",
  "wuerfel.ld:62: call",
  "wuerfel.ld:62: call",
  "wuerfel.ld:62: call",
  "wuerfel.ld:62: call",
  "wuerfel.ld:62: call",
  "wuerfel.ld:62: call",
  "wuerfel.ld:62: call",
  "wuerfel.ld:62: call",
  "wuerfel.ld:62: call",
  "wuerfel.ld:62: call",
  "wuerfel.ld:62: call",
  "wuerfel.ld:62: call",
  "wuerfel.ld:62: call",
  "wuerfel.ld:62: call",
  "wuerfel.ld:62: call",
  "wuerfel.ld:62: call",
  "wuerfel.ld:62: call",
  "wuerfel.ld:62: call",
  "wuerfel.ld:62: call",
  "wuerfel.ld:62: call",
  "wuerfel.ld:62: call",
  "wuerfel.ld:62: call",
  "wuerfel.ld:62: call",
  "wuerfel.ld:62: call",
  "wuerfel.ld:62: call",
  "wuerfel.ld:62: call",
  "wuerfel.ld:62: call",
  "wuerfel.ld:62: call",
  "wuerfel.ld:62: call",
  "wuerfel.ld:62: call",
  "wuerfel.ld:62: call",
  "wuerfel.ld:62: call",
  "wuerfel.ld:62: call",
  "wuerfel.ld:62: call",
  "wuerfel.ld:62: call",
  "wuerfel.ld:62: call",
  "wuerfel.ld:62: call",
  "wuerfel.ld:62: call",
  "wuerfel.ld:62: call",
  "wuerfel.ld:62: call",
  "wuerfel.ld:62: call",
  "wuerfel.ld:62: call",
  "wuerfel.ld:62: call",
  "wuerfel.ld:62: scoped",
  "wuerfel.ld:62: scoped",
  "wuerfel.ld:62: scoped",
  "wuerfel.ld:62: scoped",
  "wuerfel.ld:62: scoped",
  "wuerfel.ld:62: scoped",
  "wuerfel.ld:62: scoped",
  "wuerfel.ld:62: scoped",
  "wuerfel.ld:62: scoped",
  "wuerfel.ld:62: scoped",
  "wuerfel.ld:62: scoped",
  "wuerfel.ld:62: scoped",
  "wuerfel.ld:62: scoped",
  "wuerfel.ld:62: scoped",
  "wuerfel.ld:62: scoped",
  "wuerfel.ld:62: scoped",
  "wuerfel.ld:62: scoped",
  "wuerfel.ld:62: scoped",
  "wuerfel.ld:62: scoped",
  "wuerfel.ld:62: scoped",
  "wuerfel.ld:62: scoped",
  "wuerfel.ld:62: scoped",
  "wuerfel.ld:62: scoped",
  "wuerfel.ld:62: scoped",
  "wuerfel.ld:62: scoped",
  "wuerfel.ld:62: scoped",
  "wuerfel.ld:62: scoped",
  "wuerfel.ld:62: scoped",
  "wuerfel.ld:62: scoped",
  "wuerfel.ld:62: scoped",
  "wuerfel.ld:62: scoped",
  "wuerfel.ld:62: scoped",
  "wuerfel.ld:62: scoped",
  "wuerfel.ld:62: scoped",
  "wuerfel.ld:62: scoped",
  "wuerfel.ld:62: scoped",
  "wuerfel.ld:62: scoped",
  "wuerfel.ld:62: scoped",
  "wuerfel.ld:62: scoped",
  "wuerfel.ld:62: scoped",
  "wuerfel.ld:62: scoped",
  "wuerfel.ld:62: scoped",
  "xtradick.ld:125: call",
  "xtradick.ld:125: call",
  "zahn.ld:37: call",
  "zahn.ld:37: call",
  "zahn.ld:37: call",
  "zahn.ld:37: call",
  "zahn.ld:37: call",
  "zahn.ld:37: call",
  "zahn.ld:37: call",
  "zahn.ld:37: call",
  "zahn.ld:37: call",
  "zahn.ld:37: call",
  "zahn.ld:37: call",
  "zahn.ld:37: call",
  "zahn.ld:37: call",
  "zahn.ld:37: call",
  "zahn.ld:37: neighbour",
  "zahn.ld:37: neighbour",
  "zahn.ld:37: neighbour",
  "zahn.ld:37: neighbour",
  "zahn.ld:37: neighbour",
  "zahn.ld:37: neighbour",
  "zahn.ld:37: neighbour",
  "zahn.ld:37: neighbour",
  "zahn.ld:37: neighbour",
  "zahn.ld:37: neighbour",
  "zahn.ld:37: neighbour",
  "zahn.ld:37: neighbour",
]
`;
