// Vitest Snapshot v1, https://vitest.dev/guide/snapshot.html

exports[`the compile gate > finds every one of them by file and line, so a level author can go and look 1`] = `
[
  "ascii.ld:42: neighbour",
  "ascii.ld:42: neighbour",
  "ascii.ld:42: neighbour",
  "ascii.ld:42: neighbour",
  "ascii.ld:42: neighbour",
  "baelle.ld:51: neighbour",
  "baelle.ld:51: neighbour",
  "baggis.ld:142: neighbour",
  "baggis.ld:142: neighbour",
  "baggis.ld:142: neighbour",
  "bonimali.ld:73: neighbour",
  "bonimali.ld:73: neighbour",
  "bonimali.ld:73: neighbour",
  "bonimali.ld:73: neighbour",
  "bonimali.ld:73: neighbour",
  "bonimali.ld:73: neighbour",
  "bonimali.ld:73: neighbour",
  "bonimali.ld:73: neighbour",
  "bonimali.ld:73: neighbour",
  "bonimali.ld:73: neighbour",
  "bonimali.ld:73: neighbour",
  "bonimali.ld:73: neighbour",
  "bonimali.ld:73: neighbour",
  "bonimali.ld:73: neighbour",
  "bonimali.ld:73: neighbour",
  "bonimali.ld:73: neighbour",
  "doors.ld:296: neighbour",
  "doors.ld:296: neighbour",
  "doors.ld:296: neighbour",
  "doors.ld:448: neighbour",
  "doors.ld:448: neighbour",
  "doors.ld:57: neighbour",
  "ebene.ld:47: neighbour",
  "ebene.ld:47: neighbour",
  "ebene.ld:47: neighbour",
  "ebene.ld:47: neighbour",
  "ebene.ld:47: neighbour",
  "ebene.ld:47: neighbour",
  "ebene.ld:47: neighbour",
  "ebene.ld:47: neighbour",
  "ebene.ld:47: neighbour",
  "ebene.ld:47: neighbour",
  "ebene.ld:47: neighbour",
  "ebene.ld:47: neighbour",
  "ebene.ld:47: neighbour",
  "ebene.ld:47: neighbour",
  "ebene.ld:47: neighbour",
  "ebene.ld:47: neighbour",
  "ebene.ld:47: neighbour",
  "ebene.ld:47: neighbour",
  "ebene.ld:47: neighbour",
  "ebene.ld:47: neighbour",
  "ebene.ld:47: neighbour",
  "embroidery.ld:84: neighbour",
  "embroidery.ld:84: neighbour",
  "embroidery.ld:84: neighbour",
  "embroidery.ld:84: neighbour",
  "farming.ld:36: neighbour",
  "farming.ld:36: neighbour",
  "farming.ld:36: neighbour",
  "farming.ld:36: neighbour",
  "farming.ld:36: neighbour",
  "farming.ld:36: neighbour",
  "farming.ld:36: neighbour",
  "farming.ld:36: neighbour",
  "fractals.ld:42: neighbour",
  "fractals.ld:42: neighbour",
  "fractals.ld:42: neighbour",
  "fractals.ld:42: neighbour",
  "fractals.ld:42: neighbour",
  "fractals.ld:42: neighbour",
  "globals.ld:51: neighbour",
  "globals.ld:51: neighbour",
  "globals.ld:51: neighbour",
  "globals.ld:51: neighbour",
  "globals.ld:51: neighbour",
  "globals.ld:51: neighbour",
  "globals.ld:51: neighbour",
  "globals.ld:51: neighbour",
  "globals.ld:51: neighbour",
  "globals.ld:51: neighbour",
  "globals.ld:51: neighbour",
  "globals.ld:51: neighbour",
  "globals.ld:51: neighbour",
  "globals.ld:51: neighbour",
  "globals.ld:51: neighbour",
  "globals.ld:51: neighbour",
  "globals.ld:51: neighbour",
  "globals.ld:51: neighbour",
  "globals.ld:51: neighbour",
  "globals.ld:51: neighbour",
  "globals.ld:51: neighbour",
  "globals.ld:51: neighbour",
  "globals.ld:51: neighbour",
  "globals.ld:51: neighbour",
  "globals.ld:51: neighbour",
  "globals.ld:51: neighbour",
  "globals.ld:51: neighbour",
  "globals.ld:51: neighbour",
  "globals.ld:51: neighbour",
  "globals.ld:51: neighbour",
  "globals.ld:51: neighbour",
  "globals.ld:51: neighbour",
  "globals.ld:51: neighbour",
  "globals.ld:51: neighbour",
  "globals.ld:51: neighbour",
  "globals.ld:51: neighbour",
  "globals.ld:51: neighbour",
  "globals.ld:51: neighbour",
  "globals.ld:51: neighbour",
  "globals.ld:51: neighbour",
  "globals.ld:51: neighbour",
  "globals.ld:51: neighbour",
  "globals.ld:51: neighbour",
  "globals.ld:51: neighbour",
  "globals.ld:51: neighbour",
  "globals.ld:51: neighbour",
  "globals.ld:51: neighbour",
  "globals.ld:51: neighbour",
  "globals.ld:51: neighbour",
  "globals.ld:51: neighbour",
  "globals.ld:51: neighbour",
  "globals.ld:51: neighbour",
  "globals.ld:51: neighbour",
  "globals.ld:51: neighbour",
  "globals.ld:51: neighbour",
  "globals.ld:51: neighbour",
  "globals.ld:51: neighbour",
  "globals.ld:51: neighbour",
  "globals.ld:51: neighbour",
  "globals.ld:51: neighbour",
  "globals.ld:51: neighbour",
  "globals.ld:51: neighbour",
  "globals.ld:51: neighbour",
  "globals.ld:51: neighbour",
  "globals.ld:51: neighbour",
  "globals.ld:51: neighbour",
  "go2.ld:58: neighbour",
  "jahreszeiten.ld:133: neighbour",
  "jahreszeiten.ld:158: neighbour",
  "jahreszeiten.ld:158: neighbour",
  "jahreszeiten.ld:158: neighbour",
  "jahreszeiten.ld:158: neighbour",
  "jahreszeiten.ld:158: neighbour",
  "jahreszeiten.ld:158: neighbour",
  "kacheln4.ld:104: neighbour",
  "kacheln4.ld:104: neighbour",
  "kacheln4.ld:104: neighbour",
  "kacheln4.ld:104: neighbour",
  "kacheln4.ld:51: neighbour",
  "kacheln4.ld:51: neighbour",
  "kacheln4.ld:51: neighbour",
  "kacheln4.ld:51: neighbour",
  "kacheln4.ld:51: neighbour",
  "kacheln4.ld:51: neighbour",
  "kacheln4.ld:51: neighbour",
  "kacheln4.ld:51: neighbour",
  "kacheln4.ld:51: neighbour",
  "kacheln4.ld:51: neighbour",
  "kacheln4.ld:51: neighbour",
  "kacheln4.ld:51: neighbour",
  "kacheln4.ld:51: neighbour",
  "kacheln4.ld:51: neighbour",
  "kacheln4.ld:51: neighbour",
  "kacheln4.ld:51: neighbour",
  "kacheln5.ld:54: neighbour",
  "kacheln5.ld:54: neighbour",
  "kacheln5.ld:54: neighbour",
  "kacheln5.ld:54: neighbour",
  "kacheln5.ld:54: neighbour",
  "kacheln5.ld:54: neighbour",
  "kacheln5.ld:54: neighbour",
  "kacheln5.ld:54: neighbour",
  "kacheln5.ld:54: neighbour",
  "kacheln5.ld:54: neighbour",
  "kacheln5.ld:54: neighbour",
  "kacheln5.ld:54: neighbour",
  "kacheln5.ld:54: neighbour",
  "kacheln5.ld:54: neighbour",
  "kacheln5.ld:54: neighbour",
  "kacheln5.ld:54: neighbour",
  "kacheln5.ld:54: neighbour",
  "kacheln5.ld:54: neighbour",
  "kacheln5.ld:54: neighbour",
  "kacheln5.ld:54: neighbour",
  "kacheln5.ld:54: neighbour",
  "kacheln5.ld:54: neighbour",
  "kacheln5.ld:54: neighbour",
  "kacheln5.ld:54: neighbour",
  "kacheln5.ld:54: neighbour",
  "kacheln5.ld:54: neighbour",
  "kacheln5.ld:54: neighbour",
  "kacheln5.ld:54: neighbour",
  "kacheln6.ld:48: neighbour",
  "kacheln6.ld:48: neighbour",
  "kacheln6.ld:48: neighbour",
  "kacheln6.ld:48: neighbour",
  "kacheln6.ld:48: neighbour",
  "kolben.ld:42: neighbour",
  "kolben.ld:42: neighbour",
  "labskaus.ld:150: neighbour",
  "labskaus.ld:150: neighbour",
  "labskaus.ld:208: neighbour",
  "labskaus.ld:318: neighbour",
  "labskaus.ld:318: neighbour",
  "maze.ld:46: neighbour",
  "mfs.ld:46: neighbour",
  "mfs.ld:46: neighbour",
  "mfs.ld:46: neighbour",
  "mfs.ld:46: neighbour",
  "mfs.ld:46: neighbour",
  "mfs.ld:46: neighbour",
  "nasenkugeln.ld:132: neighbour",
  "nasenkugeln.ld:132: neighbour",
  "octopi.ld:50: neighbour",
  "octopi.ld:50: neighbour",
  "octopi.ld:50: neighbour",
  "octopi.ld:50: neighbour",
  "octopi.ld:50: neighbour",
  "octopi.ld:50: neighbour",
  "octopi.ld:50: neighbour",
  "octopi.ld:50: neighbour",
  "pacman.ld:357: neighbour",
  "pacman.ld:357: neighbour",
  "pacman.ld:373: neighbour",
  "pacman.ld:373: neighbour",
  "pacman.ld:373: neighbour",
  "pacman.ld:373: neighbour",
  "pacman.ld:373: neighbour",
  "pacman.ld:373: neighbour",
  "rechnen.ld:36: neighbour",
  "rechnen.ld:36: neighbour",
  "schach.ld:52: neighbour",
  "schach.ld:52: neighbour",
  "schach.ld:52: neighbour",
  "schach.ld:52: neighbour",
  "schach.ld:52: neighbour",
  "schach.ld:52: neighbour",
  "schach.ld:52: neighbour",
  "schach.ld:52: neighbour",
  "schemen.ld:41: neighbour",
  "schemen.ld:41: neighbour",
  "tennis.ld:43: neighbour",
  "tennis.ld:43: neighbour",
  "tennis.ld:43: neighbour",
  "tennis.ld:43: neighbour",
  "tennis.ld:43: neighbour",
  "tennis.ld:43: neighbour",
  "tennis.ld:43: neighbour",
  "tennis.ld:43: neighbour",
  "tennis.ld:43: neighbour",
  "tennis.ld:43: neighbour",
  "tennis.ld:43: neighbour",
  "tennis.ld:43: neighbour",
  "tennis.ld:43: neighbour",
  "tennis.ld:43: neighbour",
  "tennis.ld:43: neighbour",
  "tennis.ld:43: neighbour",
  "trees.ld:60: neighbour",
  "trees.ld:60: neighbour",
  "trees.ld:60: neighbour",
  "trees.ld:60: neighbour",
  "trees.ld:60: neighbour",
  "trees.ld:60: neighbour",
  "trees.ld:60: neighbour",
  "trees.ld:60: neighbour",
  "trees.ld:60: neighbour",
  "trees.ld:60: neighbour",
  "trees.ld:60: neighbour",
  "trees.ld:60: neighbour",
  "trees.ld:60: neighbour",
  "unmoeglich.ld:47: neighbour",
  "unmoeglich.ld:47: neighbour",
  "unmoeglich.ld:47: neighbour",
  "unterwasser.ld:134: neighbour",
  "unterwasser.ld:134: neighbour",
  "viecher.ld:141: neighbour",
  "viecher.ld:141: neighbour",
  "viecher.ld:141: neighbour",
  "viecher.ld:141: neighbour",
  "viecher.ld:141: neighbour",
  "viecher.ld:216: neighbour",
  "viecher.ld:216: neighbour",
  "viecher.ld:242: neighbour",
  "viecher.ld:242: neighbour",
  "wohnungen.ld:48: neighbour",
  "zahn.ld:37: neighbour",
  "zahn.ld:37: neighbour",
  "zahn.ld:37: neighbour",
  "zahn.ld:37: neighbour",
  "zahn.ld:37: neighbour",
  "zahn.ld:37: neighbour",
  "zahn.ld:37: neighbour",
  "zahn.ld:37: neighbour",
  "zahn.ld:37: neighbour",
  "zahn.ld:37: neighbour",
  "zahn.ld:37: neighbour",
  "zahn.ld:37: neighbour",
]
`;
