// Vitest Snapshot v1, https://vitest.dev/guide/snapshot.html

exports[`the compile gate > finds every one of them by file and line, so a level author can go and look 1`] = `
[
  "3d.ld:106: scoped",
  "3d.ld:106: scoped",
  "3d.ld:106: scoped",
  "3d.ld:106: scoped",
  "3d.ld:106: scoped",
  "3d.ld:106: scoped",
  "3d.ld:106: scoped",
  "3d.ld:106: scoped",
  "3d.ld:106: scoped",
  "3d.ld:106: scoped",
  "3d.ld:106: scoped",
  "3d.ld:55: scoped",
  "3d.ld:55: scoped",
  "3d.ld:55: scoped",
  "3d.ld:55: scoped",
  "3d.ld:55: scoped",
  "3d.ld:55: scoped",
  "3d.ld:55: scoped",
  "3d.ld:55: scoped",
  "3d.ld:55: scoped",
  "3d.ld:55: scoped",
  "aliens.ld:147: scoped",
  "aliens.ld:147: scoped",
  "aliens.ld:147: scoped",
  "aliens.ld:147: scoped",
  "aliens.ld:147: scoped",
  "aliens.ld:147: scoped",
  "aliens.ld:147: scoped",
  "aliens.ld:147: scoped",
  "aliens.ld:147: scoped",
  "aliens.ld:147: scoped",
  "aliens.ld:311: scoped",
  "aliens.ld:311: scoped",
  "aliens.ld:311: scoped",
  "ascii.ld:42: neighbour",
  "ascii.ld:42: neighbour",
  "ascii.ld:42: neighbour",
  "ascii.ld:42: neighbour",
  "ascii.ld:42: neighbour",
  "ascii.ld:42: scoped",
  "baelle.ld:51: neighbour",
  "baelle.ld:51: neighbour",
  "baggis.ld:142: neighbour",
  "baggis.ld:142: neighbour",
  "baggis.ld:142: neighbour",
  "bonimali.ld:73: neighbour",
  "bonimali.ld:73: neighbour",
  "bonimali.ld:73: neighbour",
  "bonimali.ld:73: neighbour",
  "bonimali.ld:73: neighbour",
  "bonimali.ld:73: neighbour",
  "bonimali.ld:73: neighbour",
  "bonimali.ld:73: neighbour",
  "bonimali.ld:73: neighbour",
  "bonimali.ld:73: neighbour",
  "bonimali.ld:73: neighbour",
  "bonimali.ld:73: neighbour",
  "bonimali.ld:73: neighbour",
  "bonimali.ld:73: neighbour",
  "bonimali.ld:73: neighbour",
  "bonimali.ld:73: neighbour",
  "disco.ld:101: scoped",
  "disco.ld:101: scoped",
  "doors.ld:240: scoped",
  "doors.ld:240: scoped",
  "doors.ld:240: scoped",
  "doors.ld:240: scoped",
  "doors.ld:240: scoped",
  "doors.ld:240: scoped",
  "doors.ld:240: scoped",
  "doors.ld:240: scoped",
  "doors.ld:296: neighbour",
  "doors.ld:296: neighbour",
  "doors.ld:296: neighbour",
  "doors.ld:296: scoped",
  "doors.ld:296: scoped",
  "doors.ld:296: scoped",
  "doors.ld:296: scoped",
  "doors.ld:296: scoped",
  "doors.ld:296: scoped",
  "doors.ld:296: scoped",
  "doors.ld:296: scoped",
  "doors.ld:296: scoped",
  "doors.ld:296: scoped",
  "doors.ld:296: scoped",
  "doors.ld:296: scoped",
  "doors.ld:296: scoped",
  "doors.ld:296: scoped",
  "doors.ld:296: scoped",
  "doors.ld:296: scoped",
  "doors.ld:296: scoped",
  "doors.ld:296: scoped",
  "doors.ld:296: scoped",
  "doors.ld:296: scoped",
  "doors.ld:296: scoped",
  "doors.ld:296: scoped",
  "doors.ld:296: scoped",
  "doors.ld:296: scoped",
  "doors.ld:296: scoped",
  "doors.ld:296: scoped",
  "doors.ld:448: neighbour",
  "doors.ld:448: neighbour",
  "doors.ld:448: scoped",
  "doors.ld:448: scoped",
  "doors.ld:448: scoped",
  "doors.ld:448: scoped",
  "doors.ld:448: scoped",
  "doors.ld:448: scoped",
  "doors.ld:57: neighbour",
  "doors.ld:57: scoped",
  "doors.ld:57: scoped",
  "doors.ld:588: scoped",
  "doors.ld:588: scoped",
  "doors.ld:588: scoped",
  "doors.ld:588: scoped",
  "doors.ld:588: scoped",
  "doors.ld:588: scoped",
  "doors.ld:588: scoped",
  "doors.ld:588: scoped",
  "doors.ld:690: scoped",
  "doors.ld:690: scoped",
  "doors.ld:690: scoped",
  "doors.ld:690: scoped",
  "dungeon.ld:349: scoped",
  "dungeon.ld:349: scoped",
  "dungeon.ld:349: scoped",
  "dungeon.ld:349: scoped",
  "dungeon.ld:349: scoped",
  "dungeon.ld:349: scoped",
  "dungeon.ld:349: scoped",
  "dungeon.ld:349: scoped",
  "dungeon.ld:349: scoped",
  "dungeon.ld:349: scoped",
  "dungeon.ld:349: scoped",
  "dungeon.ld:349: scoped",
  "dungeon.ld:349: scoped",
  "dungeon.ld:349: scoped",
  "dungeon.ld:349: scoped",
  "dungeon.ld:349: scoped",
  "ebene.ld:150: scoped",
  "ebene.ld:150: scoped",
  "ebene.ld:150: scoped",
  "ebene.ld:150: scoped",
  "ebene.ld:47: neighbour",
  "ebene.ld:47: neighbour",
  "ebene.ld:47: neighbour",
  "ebene.ld:47: neighbour",
  "ebene.ld:47: neighbour",
  "ebene.ld:47: neighbour",
  "ebene.ld:47: neighbour",
  "ebene.ld:47: neighbour",
  "ebene.ld:47: neighbour",
  "ebene.ld:47: neighbour",
  "ebene.ld:47: neighbour",
  "ebene.ld:47: neighbour",
  "ebene.ld:47: neighbour",
  "ebene.ld:47: neighbour",
  "ebene.ld:47: neighbour",
  "ebene.ld:47: neighbour",
  "ebene.ld:47: neighbour",
  "ebene.ld:47: neighbour",
  "ebene.ld:47: neighbour",
  "ebene.ld:47: neighbour",
  "ebene.ld:47: neighbour",
  "ebene.ld:47: scoped",
  "ebene.ld:47: scoped",
  "embroidery.ld:60: scoped",
  "embroidery.ld:60: scoped",
  "embroidery.ld:60: scoped",
  "embroidery.ld:60: scoped",
  "embroidery.ld:84: neighbour",
  "embroidery.ld:84: neighbour",
  "embroidery.ld:84: neighbour",
  "embroidery.ld:84: neighbour",
  "embroidery.ld:84: scoped",
  "embroidery.ld:84: scoped",
  "embroidery.ld:84: scoped",
  "embroidery.ld:84: scoped",
  "embroidery.ld:84: scoped",
  "embroidery.ld:84: scoped",
  "embroidery.ld:84: scoped",
  "embroidery.ld:84: scoped",
  "farming.ld:36: neighbour",
  "farming.ld:36: neighbour",
  "farming.ld:36: neighbour",
  "farming.ld:36: neighbour",
  "farming.ld:36: neighbour",
  "farming.ld:36: neighbour",
  "farming.ld:36: neighbour",
  "farming.ld:36: neighbour",
  "fractals.ld:42: neighbour",
  "fractals.ld:42: neighbour",
  "fractals.ld:42: neighbour",
  "fractals.ld:42: neighbour",
  "fractals.ld:42: neighbour",
  "fractals.ld:42: neighbour",
  "globals.ld:51: neighbour",
  "globals.ld:51: neighbour",
  "globals.ld:51: neighbour",
  "globals.ld:51: neighbour",
  "globals.ld:51: neighbour",
  "globals.ld:51: neighbour",
  "globals.ld:51: neighbour",
  "globals.ld:51: neighbour",
  "globals.ld:51: neighbour",
  "globals.ld:51: neighbour",
  "globals.ld:51: neighbour",
  "globals.ld:51: neighbour",
  "globals.ld:51: neighbour",
  "globals.ld:51: neighbour",
  "globals.ld:51: neighbour",
  "globals.ld:51: neighbour",
  "globals.ld:51: neighbour",
  "globals.ld:51: neighbour",
  "globals.ld:51: neighbour",
  "globals.ld:51: neighbour",
  "globals.ld:51: neighbour",
  "globals.ld:51: neighbour",
  "globals.ld:51: neighbour",
  "globals.ld:51: neighbour",
  "globals.ld:51: neighbour",
  "globals.ld:51: neighbour",
  "globals.ld:51: neighbour",
  "globals.ld:51: neighbour",
  "globals.ld:51: neighbour",
  "globals.ld:51: neighbour",
  "globals.ld:51: neighbour",
  "globals.ld:51: neighbour",
  "globals.ld:51: neighbour",
  "globals.ld:51: neighbour",
  "globals.ld:51: neighbour",
  "globals.ld:51: neighbour",
  "globals.ld:51: neighbour",
  "globals.ld:51: neighbour",
  "globals.ld:51: neighbour",
  "globals.ld:51: neighbour",
  "globals.ld:51: neighbour",
  "globals.ld:51: neighbour",
  "globals.ld:51: neighbour",
  "globals.ld:51: neighbour",
  "globals.ld:51: neighbour",
  "globals.ld:51: neighbour",
  "globals.ld:51: neighbour",
  "globals.ld:51: neighbour",
  "globals.ld:51: neighbour",
  "globals.ld:51: neighbour",
  "globals.ld:51: neighbour",
  "globals.ld:51: neighbour",
  "globals.ld:51: neighbour",
  "globals.ld:51: neighbour",
  "globals.ld:51: neighbour",
  "globals.ld:51: neighbour",
  "globals.ld:51: neighbour",
  "globals.ld:51: neighbour",
  "globals.ld:51: neighbour",
  "globals.ld:51: neighbour",
  "globals.ld:51: neighbour",
  "globals.ld:51: neighbour",
  "globals.ld:51: neighbour",
  "globals.ld:51: neighbour",
  "globals.ld:51: neighbour",
  "globals.ld:51: neighbour",
  "globals.ld:51: scoped",
  "globals.ld:51: scoped",
  "globals.ld:51: scoped",
  "globals.ld:51: scoped",
  "globals.ld:51: scoped",
  "globals.ld:51: scoped",
  "globals.ld:51: scoped",
  "globals.ld:51: scoped",
  "globals.ld:51: scoped",
  "globals.ld:51: scoped",
  "globals.ld:51: scoped",
  "globals.ld:51: scoped",
  "globals.ld:51: scoped",
  "globals.ld:51: scoped",
  "globals.ld:51: scoped",
  "globals.ld:51: scoped",
  "globals.ld:51: scoped",
  "globals.ld:51: scoped",
  "globals.ld:51: scoped",
  "globals.ld:51: scoped",
  "globals.ld:51: scoped",
  "globals.ld:51: scoped",
  "globals.ld:51: scoped",
  "globals.ld:51: scoped",
  "globals.ld:51: scoped",
  "globals.ld:51: scoped",
  "globals.ld:51: scoped",
  "globals.ld:51: scoped",
  "globals.ld:51: scoped",
  "globals.ld:51: scoped",
  "globals.ld:51: scoped",
  "globals.ld:51: scoped",
  "go2.ld:58: neighbour",
  "gold.ld:41: scoped",
  "gold.ld:41: scoped",
  "gold.ld:41: scoped",
  "gold.ld:41: scoped",
  "jahreszeiten.ld:133: neighbour",
  "jahreszeiten.ld:158: neighbour",
  "jahreszeiten.ld:158: neighbour",
  "jahreszeiten.ld:158: neighbour",
  "jahreszeiten.ld:158: neighbour",
  "jahreszeiten.ld:158: neighbour",
  "jahreszeiten.ld:158: neighbour",
  "jahreszeiten.ld:50: scoped",
  "jahreszeiten.ld:50: scoped",
  "jahreszeiten.ld:50: scoped",
  "jahreszeiten.ld:50: scoped",
  "jahreszeiten.ld:50: scoped",
  "jahreszeiten.ld:50: scoped",
  "jahreszeiten.ld:50: scoped",
  "jahreszeiten.ld:50: scoped",
  "jahreszeiten.ld:50: scoped",
  "jahreszeiten.ld:50: scoped",
  "jahreszeiten.ld:50: scoped",
  "jahreszeiten.ld:50: scoped",
  "jahreszeiten.ld:50: scoped",
  "jahreszeiten.ld:50: scoped",
  "jahreszeiten.ld:50: scoped",
  "jahreszeiten.ld:50: scoped",
  "jahreszeiten.ld:50: scoped",
  "jahreszeiten.ld:50: scoped",
  "jahreszeiten.ld:50: scoped",
  "jahreszeiten.ld:50: scoped",
  "kacheln4.ld:104: neighbour",
  "kacheln4.ld:104: neighbour",
  "kacheln4.ld:104: neighbour",
  "kacheln4.ld:104: neighbour",
  "kacheln4.ld:51: neighbour",
  "kacheln4.ld:51: neighbour",
  "kacheln4.ld:51: neighbour",
  "kacheln4.ld:51: neighbour",
  "kacheln4.ld:51: neighbour",
  "kacheln4.ld:51: neighbour",
  "kacheln4.ld:51: neighbour",
  "kacheln4.ld:51: neighbour",
  "kacheln4.ld:51: neighbour",
  "kacheln4.ld:51: neighbour",
  "kacheln4.ld:51: neighbour",
  "kacheln4.ld:51: neighbour",
  "kacheln4.ld:51: neighbour",
  "kacheln4.ld:51: neighbour",
  "kacheln4.ld:51: neighbour",
  "kacheln4.ld:51: neighbour",
  "kacheln5.ld:54: neighbour",
  "kacheln5.ld:54: neighbour",
  "kacheln5.ld:54: neighbour",
  "kacheln5.ld:54: neighbour",
  "kacheln5.ld:54: neighbour",
  "kacheln5.ld:54: neighbour",
  "kacheln5.ld:54: neighbour",
  "kacheln5.ld:54: neighbour",
  "kacheln5.ld:54: neighbour",
  "kacheln5.ld:54: neighbour",
  "kacheln5.ld:54: neighbour",
  "kacheln5.ld:54: neighbour",
  "kacheln5.ld:54: neighbour",
  "kacheln5.ld:54: neighbour",
  "kacheln5.ld:54: neighbour",
  "kacheln5.ld:54: neighbour",
  "kacheln5.ld:54: neighbour",
  "kacheln5.ld:54: neighbour",
  "kacheln5.ld:54: neighbour",
  "kacheln5.ld:54: neighbour",
  "kacheln5.ld:54: neighbour",
  "kacheln5.ld:54: neighbour",
  "kacheln5.ld:54: neighbour",
  "kacheln5.ld:54: neighbour",
  "kacheln5.ld:54: neighbour",
  "kacheln5.ld:54: neighbour",
  "kacheln5.ld:54: neighbour",
  "kacheln5.ld:54: neighbour",
  "kacheln6.ld:48: neighbour",
  "kacheln6.ld:48: neighbour",
  "kacheln6.ld:48: neighbour",
  "kacheln6.ld:48: neighbour",
  "kacheln6.ld:48: neighbour",
  "kachelnR.ld:45: scoped",
  "kachelnR.ld:45: scoped",
  "kachelnR.ld:45: scoped",
  "kachelnR.ld:45: scoped",
  "kachelnR.ld:45: scoped",
  "kachelnR.ld:45: scoped",
  "kolben.ld:42: neighbour",
  "kolben.ld:42: neighbour",
  "labskaus.ld:150: neighbour",
  "labskaus.ld:150: neighbour",
  "labskaus.ld:208: neighbour",
  "labskaus.ld:318: neighbour",
  "labskaus.ld:318: neighbour",
  "labskaus.ld:79: scoped",
  "labskaus.ld:79: scoped",
  "labskaus.ld:79: scoped",
  "labskaus.ld:79: scoped",
  "labskaus.ld:79: scoped",
  "labskaus.ld:79: scoped",
  "labskaus.ld:79: scoped",
  "labskaus.ld:79: scoped",
  "labskaus.ld:79: scoped",
  "labskaus.ld:79: scoped",
  "labskaus.ld:79: scoped",
  "labskaus.ld:79: scoped",
  "labskaus.ld:79: scoped",
  "labskaus.ld:79: scoped",
  "labskaus.ld:79: scoped",
  "labskaus.ld:79: scoped",
  "labskaus.ld:79: scoped",
  "labskaus.ld:79: scoped",
  "labskaus.ld:79: scoped",
  "labskaus.ld:79: scoped",
  "letters.ld:245: scoped",
  "letters.ld:268: scoped",
  "letters.ld:291: scoped",
  "letters.ld:312: scoped",
  "letters.ld:61: scoped",
  "letters.ld:61: scoped",
  "maze.ld:46: neighbour",
  "mfs.ld:46: neighbour",
  "mfs.ld:46: neighbour",
  "mfs.ld:46: neighbour",
  "mfs.ld:46: neighbour",
  "mfs.ld:46: neighbour",
  "mfs.ld:46: neighbour",
  "nasenkugeln.ld:132: neighbour",
  "nasenkugeln.ld:132: neighbour",
  "octopi.ld:50: neighbour",
  "octopi.ld:50: neighbour",
  "octopi.ld:50: neighbour",
  "octopi.ld:50: neighbour",
  "octopi.ld:50: neighbour",
  "octopi.ld:50: neighbour",
  "octopi.ld:50: neighbour",
  "octopi.ld:50: neighbour",
  "pacman.ld:357: neighbour",
  "pacman.ld:357: neighbour",
  "pacman.ld:373: neighbour",
  "pacman.ld:373: neighbour",
  "pacman.ld:373: neighbour",
  "pacman.ld:373: neighbour",
  "pacman.ld:373: neighbour",
  "pacman.ld:373: neighbour",
  "pfeile.ld:77: scoped",
  "pfeile.ld:77: scoped",
  "pfeile.ld:77: scoped",
  "pfeile.ld:77: scoped",
  "rechnen.ld:36: neighbour",
  "rechnen.ld:36: neighbour",
  "schach.ld:158: scoped",
  "schach.ld:158: scoped",
  "schach.ld:158: scoped",
  "schach.ld:158: scoped",
  "schach.ld:158: scoped",
  "schach.ld:158: scoped",
  "schach.ld:158: scoped",
  "schach.ld:158: scoped",
  "schach.ld:52: neighbour",
  "schach.ld:52: neighbour",
  "schach.ld:52: neighbour",
  "schach.ld:52: neighbour",
  "schach.ld:52: neighbour",
  "schach.ld:52: neighbour",
  "schach.ld:52: neighbour",
  "schach.ld:52: neighbour",
  "schach.ld:52: scoped",
  "schach.ld:52: scoped",
  "schach.ld:52: scoped",
  "schach.ld:52: scoped",
  "schach.ld:52: scoped",
  "schach.ld:52: scoped",
  "schach.ld:52: scoped",
  "schach.ld:52: scoped",
  "schach.ld:52: scoped",
  "schach.ld:52: scoped",
  "schach.ld:52: scoped",
  "schach.ld:52: scoped",
  "schach.ld:52: scoped",
  "schach.ld:52: scoped",
  "schach.ld:52: scoped",
  "schach.ld:52: scoped",
  "schach.ld:52: scoped",
  "schach.ld:52: scoped",
  "schach.ld:52: scoped",
  "schach.ld:52: scoped",
  "schach.ld:52: scoped",
  "schach.ld:52: scoped",
  "schach.ld:52: scoped",
  "schach.ld:52: scoped",
  "schach.ld:52: scoped",
  "schach.ld:52: scoped",
  "schach.ld:52: scoped",
  "schach.ld:52: scoped",
  "schach.ld:52: scoped",
  "schach.ld:52: scoped",
  "schach.ld:52: scoped",
  "schach.ld:52: scoped",
  "schemen.ld:41: neighbour",
  "schemen.ld:41: neighbour",
  "silbergold.ld:38: scoped",
  "silbergold.ld:38: scoped",
  "silbergold.ld:38: scoped",
  "silbergold.ld:38: scoped",
  "silbergold.ld:38: scoped",
  "silbergold.ld:38: scoped",
  "silbergold.ld:38: scoped",
  "silbergold.ld:38: scoped",
  "springer.ld:110: scoped",
  "springer.ld:110: scoped",
  "springer.ld:110: scoped",
  "springer.ld:110: scoped",
  "springer.ld:110: scoped",
  "springer.ld:110: scoped",
  "springer.ld:110: scoped",
  "springer.ld:110: scoped",
  "springer.ld:110: scoped",
  "springer.ld:110: scoped",
  "springer.ld:110: scoped",
  "springer.ld:110: scoped",
  "springer.ld:110: scoped",
  "springer.ld:110: scoped",
  "springer.ld:110: scoped",
  "springer.ld:110: scoped",
  "springer.ld:110: scoped",
  "springer.ld:110: scoped",
  "springer.ld:110: scoped",
  "springer.ld:110: scoped",
  "springer.ld:110: scoped",
  "springer.ld:110: scoped",
  "springer.ld:110: scoped",
  "springer.ld:110: scoped",
  "springer.ld:46: scoped",
  "springer.ld:46: scoped",
  "springer.ld:46: scoped",
  "springer.ld:46: scoped",
  "springer.ld:46: scoped",
  "springer.ld:46: scoped",
  "springer.ld:46: scoped",
  "springer.ld:46: scoped",
  "springer.ld:46: scoped",
  "springer.ld:46: scoped",
  "springer.ld:46: scoped",
  "springer.ld:46: scoped",
  "springer.ld:46: scoped",
  "springer.ld:46: scoped",
  "springer.ld:46: scoped",
  "springer.ld:46: scoped",
  "tennis.ld:43: neighbour",
  "tennis.ld:43: neighbour",
  "tennis.ld:43: neighbour",
  "tennis.ld:43: neighbour",
  "tennis.ld:43: neighbour",
  "tennis.ld:43: neighbour",
  "tennis.ld:43: neighbour",
  "tennis.ld:43: neighbour",
  "tennis.ld:43: neighbour",
  "tennis.ld:43: neighbour",
  "tennis.ld:43: neighbour",
  "tennis.ld:43: neighbour",
  "tennis.ld:43: neighbour",
  "tennis.ld:43: neighbour",
  "tennis.ld:43: neighbour",
  "tennis.ld:43: neighbour",
  "theater.ld:74: scoped",
  "theater.ld:74: scoped",
  "theater.ld:74: scoped",
  "theater.ld:74: scoped",
  "theater.ld:74: scoped",
  "theater.ld:74: scoped",
  "theater.ld:74: scoped",
  "theater.ld:74: scoped",
  "theater.ld:74: scoped",
  "theater.ld:74: scoped",
  "theater.ld:74: scoped",
  "theater.ld:74: scoped",
  "theater.ld:74: scoped",
  "theater.ld:74: scoped",
  "theater.ld:74: scoped",
  "theater.ld:74: scoped",
  "theater.ld:74: scoped",
  "theater.ld:74: scoped",
  "theater.ld:74: scoped",
  "theater.ld:74: scoped",
  "theater.ld:74: scoped",
  "theater.ld:74: scoped",
  "tiere.ld:61: scoped",
  "tiere.ld:61: scoped",
  "tiere.ld:61: scoped",
  "tiere.ld:61: scoped",
  "trees.ld:60: neighbour",
  "trees.ld:60: neighbour",
  "trees.ld:60: neighbour",
  "trees.ld:60: neighbour",
  "trees.ld:60: neighbour",
  "trees.ld:60: neighbour",
  "trees.ld:60: neighbour",
  "trees.ld:60: neighbour",
  "trees.ld:60: neighbour",
  "trees.ld:60: neighbour",
  "trees.ld:60: neighbour",
  "trees.ld:60: neighbour",
  "trees.ld:60: neighbour",
  "unmoeglich.ld:47: neighbour",
  "unmoeglich.ld:47: neighbour",
  "unmoeglich.ld:47: neighbour",
  "unterwasser.ld:134: neighbour",
  "unterwasser.ld:134: neighbour",
  "unterwasser.ld:50: scoped",
  "unterwasser.ld:50: scoped",
  "viecher.ld:141: neighbour",
  "viecher.ld:141: neighbour",
  "viecher.ld:141: neighbour",
  "viecher.ld:141: neighbour",
  "viecher.ld:141: neighbour",
  "viecher.ld:141: scoped",
  "viecher.ld:141: scoped",
  "viecher.ld:141: scoped",
  "viecher.ld:141: scoped",
  "viecher.ld:216: neighbour",
  "viecher.ld:216: neighbour",
  "viecher.ld:242: neighbour",
  "viecher.ld:242: neighbour",
  "viecher.ld:48: scoped",
  "viecher.ld:48: scoped",
  "viecher.ld:48: scoped",
  "viecher.ld:48: scoped",
  "walls.ld:49: scoped",
  "walls.ld:49: scoped",
  "walls.ld:49: scoped",
  "walls.ld:49: scoped",
  "walls.ld:49: scoped",
  "walls.ld:49: scoped",
  "walls.ld:49: scoped",
  "walls.ld:49: scoped",
  "walls.ld:49: scoped",
  "walls.ld:49: scoped",
  "walls.ld:49: scoped",
  "walls.ld:49: scoped",
  "wohnungen.ld:48: neighbour",
  "wuerfel.ld:62: scoped",
  "wuerfel.ld:62: scoped",
  "wuerfel.ld:62: scoped",
  "wuerfel.ld:62: scoped",
  "wuerfel.ld:62: scoped",
  "wuerfel.ld:62: scoped",
  "wuerfel.ld:62: scoped",
  "wuerfel.ld:62: scoped",
  "wuerfel.ld:62: scoped",
  "wuerfel.ld:62: scoped",
  "wuerfel.ld:62: scoped",
  "wuerfel.ld:62: scoped",
  "wuerfel.ld:62: scoped",
  "wuerfel.ld:62: scoped",
  "wuerfel.ld:62: scoped",
  "wuerfel.ld:62: scoped",
  "wuerfel.ld:62: scoped",
  "wuerfel.ld:62: scoped",
  "wuerfel.ld:62: scoped",
  "wuerfel.ld:62: scoped",
  "wuerfel.ld:62: scoped",
  "wuerfel.ld:62: scoped",
  "wuerfel.ld:62: scoped",
  "wuerfel.ld:62: scoped",
  "wuerfel.ld:62: scoped",
  "wuerfel.ld:62: scoped",
  "wuerfel.ld:62: scoped",
  "wuerfel.ld:62: scoped",
  "wuerfel.ld:62: scoped",
  "wuerfel.ld:62: scoped",
  "wuerfel.ld:62: scoped",
  "wuerfel.ld:62: scoped",
  "wuerfel.ld:62: scoped",
  "wuerfel.ld:62: scoped",
  "wuerfel.ld:62: scoped",
  "wuerfel.ld:62: scoped",
  "wuerfel.ld:62: scoped",
  "wuerfel.ld:62: scoped",
  "wuerfel.ld:62: scoped",
  "wuerfel.ld:62: scoped",
  "wuerfel.ld:62: scoped",
  "wuerfel.ld:62: scoped",
  "zahn.ld:37: neighbour",
  "zahn.ld:37: neighbour",
  "zahn.ld:37: neighbour",
  "zahn.ld:37: neighbour",
  "zahn.ld:37: neighbour",
  "zahn.ld:37: neighbour",
  "zahn.ld:37: neighbour",
  "zahn.ld:37: neighbour",
  "zahn.ld:37: neighbour",
  "zahn.ld:37: neighbour",
  "zahn.ld:37: neighbour",
  "zahn.ld:37: neighbour",
]
`;
